[23:14:48] [Datafixer Bootstrap/INFO]: 243 Datafixer optimizations took 2869 milliseconds
[23:15:09] [Render thread/WARN]: Failed to delete cache file D:\Project Launcher\launcher-data\downloads\libraries\org\lwjgl\lwjgl-freetype\3.3.3\lwjgl-freetype-3.3.3.jar
java.nio.file.FileSystemException: D:\Project Launcher\launcher-data\downloads\libraries\org\lwjgl\lwjgl-freetype\3.3.3\lwjgl-freetype-3.3.3.jar: The process cannot access the file because it is being used by another process
	at java.base/sun.nio.fs.WindowsException.translateToIOException(WindowsException.java:92) ~[?:?]
	at java.base/sun.nio.fs.WindowsException.rethrowAsIOException(WindowsException.java:103) ~[?:?]
	at java.base/sun.nio.fs.WindowsException.rethrowAsIOException(WindowsException.java:108) ~[?:?]
	at java.base/sun.nio.fs.WindowsFileSystemProvider.implDelete(WindowsFileSystemProvider.java:273) ~[?:?]
	at java.base/sun.nio.fs.AbstractFileSystemProvider.delete(AbstractFileSystemProvider.java:105) ~[?:?]
	at java.base/java.nio.file.Files.delete(Files.java:1153) ~[?:?]
	at asw.a(SourceFile:61) [client.jar:?]
	at asx.<init>(SourceFile:98) [client.jar:?]
	at hhs.<init>(SourceFile:98) [client.jar:?]
	at flk.<init>(SourceFile:444) [client.jar:?]
	at net.minecraft.client.main.Main.main(SourceFile:250) [client.jar:?]
[23:15:09] [Render thread/WARN]: Failed to delete cache file D:\Project Launcher\launcher-data\downloads\libraries\org\lwjgl\lwjgl-glfw\3.3.3\lwjgl-glfw-3.3.3.jar
java.nio.file.FileSystemException: D:\Project Launcher\launcher-data\downloads\libraries\org\lwjgl\lwjgl-glfw\3.3.3\lwjgl-glfw-3.3.3.jar: The process cannot access the file because it is being used by another process
	at java.base/sun.nio.fs.WindowsException.translateToIOException(WindowsException.java:92) ~[?:?]
	at java.base/sun.nio.fs.WindowsException.rethrowAsIOException(WindowsException.java:103) ~[?:?]
	at java.base/sun.nio.fs.WindowsException.rethrowAsIOException(WindowsException.java:108) ~[?:?]
	at java.base/sun.nio.fs.WindowsFileSystemProvider.implDelete(WindowsFileSystemProvider.java:273) ~[?:?]
	at java.base/sun.nio.fs.AbstractFileSystemProvider.delete(AbstractFileSystemProvider.java:105) ~[?:?]
	at java.base/java.nio.file.Files.delete(Files.java:1153) ~[?:?]
	at asw.a(SourceFile:61) [client.jar:?]
	at asx.<init>(SourceFile:98) [client.jar:?]
	at hhs.<init>(SourceFile:98) [client.jar:?]
	at flk.<init>(SourceFile:444) [client.jar:?]
	at net.minecraft.client.main.Main.main(SourceFile:250) [client.jar:?]
[23:15:09] [Render thread/WARN]: Failed to delete cache file D:\Project Launcher\launcher-data\downloads\libraries\org\lwjgl\lwjgl-jemalloc\3.3.3\lwjgl-jemalloc-3.3.3.jar
java.nio.file.FileSystemException: D:\Project Launcher\launcher-data\downloads\libraries\org\lwjgl\lwjgl-jemalloc\3.3.3\lwjgl-jemalloc-3.3.3.jar: The process cannot access the file because it is being used by another process
	at java.base/sun.nio.fs.WindowsException.translateToIOException(WindowsException.java:92) ~[?:?]
	at java.base/sun.nio.fs.WindowsException.rethrowAsIOException(WindowsException.java:103) ~[?:?]
	at java.base/sun.nio.fs.WindowsException.rethrowAsIOException(WindowsException.java:108) ~[?:?]
	at java.base/sun.nio.fs.WindowsFileSystemProvider.implDelete(WindowsFileSystemProvider.java:273) ~[?:?]
	at java.base/sun.nio.fs.AbstractFileSystemProvider.delete(AbstractFileSystemProvider.java:105) ~[?:?]
	at java.base/java.nio.file.Files.delete(Files.java:1153) ~[?:?]
	at asw.a(SourceFile:61) [client.jar:?]
	at asx.<init>(SourceFile:98) [client.jar:?]
	at hhs.<init>(SourceFile:98) [client.jar:?]
	at flk.<init>(SourceFile:444) [client.jar:?]
	at net.minecraft.client.main.Main.main(SourceFile:250) [client.jar:?]
[23:15:09] [Render thread/WARN]: Failed to delete cache file D:\Project Launcher\launcher-data\downloads\libraries\org\lwjgl\lwjgl-openal\3.3.3\lwjgl-openal-3.3.3.jar
java.nio.file.FileSystemException: D:\Project Launcher\launcher-data\downloads\libraries\org\lwjgl\lwjgl-openal\3.3.3\lwjgl-openal-3.3.3.jar: The process cannot access the file because it is being used by another process
	at java.base/sun.nio.fs.WindowsException.translateToIOException(WindowsException.java:92) ~[?:?]
	at java.base/sun.nio.fs.WindowsException.rethrowAsIOException(WindowsException.java:103) ~[?:?]
	at java.base/sun.nio.fs.WindowsException.rethrowAsIOException(WindowsException.java:108) ~[?:?]
	at java.base/sun.nio.fs.WindowsFileSystemProvider.implDelete(WindowsFileSystemProvider.java:273) ~[?:?]
	at java.base/sun.nio.fs.AbstractFileSystemProvider.delete(AbstractFileSystemProvider.java:105) ~[?:?]
	at java.base/java.nio.file.Files.delete(Files.java:1153) ~[?:?]
	at asw.a(SourceFile:61) [client.jar:?]
	at asx.<init>(SourceFile:98) [client.jar:?]
	at hhs.<init>(SourceFile:98) [client.jar:?]
	at flk.<init>(SourceFile:444) [client.jar:?]
	at net.minecraft.client.main.Main.main(SourceFile:250) [client.jar:?]
[23:15:09] [Render thread/WARN]: Failed to delete cache file D:\Project Launcher\launcher-data\downloads\libraries\org\lwjgl\lwjgl-opengl\3.3.3\lwjgl-opengl-3.3.3.jar
java.nio.file.FileSystemException: D:\Project Launcher\launcher-data\downloads\libraries\org\lwjgl\lwjgl-opengl\3.3.3\lwjgl-opengl-3.3.3.jar: The process cannot access the file because it is being used by another process
	at java.base/sun.nio.fs.WindowsException.translateToIOException(WindowsException.java:92) ~[?:?]
	at java.base/sun.nio.fs.WindowsException.rethrowAsIOException(WindowsException.java:103) ~[?:?]
	at java.base/sun.nio.fs.WindowsException.rethrowAsIOException(WindowsException.java:108) ~[?:?]
	at java.base/sun.nio.fs.WindowsFileSystemProvider.implDelete(WindowsFileSystemProvider.java:273) ~[?:?]
	at java.base/sun.nio.fs.AbstractFileSystemProvider.delete(AbstractFileSystemProvider.java:105) ~[?:?]
	at java.base/java.nio.file.Files.delete(Files.java:1153) ~[?:?]
	at asw.a(SourceFile:61) [client.jar:?]
	at asx.<init>(SourceFile:98) [client.jar:?]
	at hhs.<init>(SourceFile:98) [client.jar:?]
	at flk.<init>(SourceFile:444) [client.jar:?]
	at net.minecraft.client.main.Main.main(SourceFile:250) [client.jar:?]
[23:15:09] [Render thread/WARN]: Failed to delete cache file D:\Project Launcher\launcher-data\downloads\libraries\org\lwjgl\lwjgl-stb\3.3.3\lwjgl-stb-3.3.3.jar
java.nio.file.FileSystemException: D:\Project Launcher\launcher-data\downloads\libraries\org\lwjgl\lwjgl-stb\3.3.3\lwjgl-stb-3.3.3.jar: The process cannot access the file because it is being used by another process
	at java.base/sun.nio.fs.WindowsException.translateToIOException(WindowsException.java:92) ~[?:?]
	at java.base/sun.nio.fs.WindowsException.rethrowAsIOException(WindowsException.java:103) ~[?:?]
	at java.base/sun.nio.fs.WindowsException.rethrowAsIOException(WindowsException.java:108) ~[?:?]
	at java.base/sun.nio.fs.WindowsFileSystemProvider.implDelete(WindowsFileSystemProvider.java:273) ~[?:?]
	at java.base/sun.nio.fs.AbstractFileSystemProvider.delete(AbstractFileSystemProvider.java:105) ~[?:?]
	at java.base/java.nio.file.Files.delete(Files.java:1153) ~[?:?]
	at asw.a(SourceFile:61) [client.jar:?]
	at asx.<init>(SourceFile:98) [client.jar:?]
	at hhs.<init>(SourceFile:98) [client.jar:?]
	at flk.<init>(SourceFile:444) [client.jar:?]
	at net.minecraft.client.main.Main.main(SourceFile:250) [client.jar:?]
[23:15:09] [Render thread/WARN]: Failed to delete cache file D:\Project Launcher\launcher-data\downloads\libraries\org\lwjgl\lwjgl-tinyfd\3.3.3\lwjgl-tinyfd-3.3.3.jar
java.nio.file.FileSystemException: D:\Project Launcher\launcher-data\downloads\libraries\org\lwjgl\lwjgl-tinyfd\3.3.3\lwjgl-tinyfd-3.3.3.jar: The process cannot access the file because it is being used by another process
	at java.base/sun.nio.fs.WindowsException.translateToIOException(WindowsException.java:92) ~[?:?]
	at java.base/sun.nio.fs.WindowsException.rethrowAsIOException(WindowsException.java:103) ~[?:?]
	at java.base/sun.nio.fs.WindowsException.rethrowAsIOException(WindowsException.java:108) ~[?:?]
	at java.base/sun.nio.fs.WindowsFileSystemProvider.implDelete(WindowsFileSystemProvider.java:273) ~[?:?]
	at java.base/sun.nio.fs.AbstractFileSystemProvider.delete(AbstractFileSystemProvider.java:105) ~[?:?]
	at java.base/java.nio.file.Files.delete(Files.java:1153) ~[?:?]
	at asw.a(SourceFile:61) [client.jar:?]
	at asx.<init>(SourceFile:98) [client.jar:?]
	at hhs.<init>(SourceFile:98) [client.jar:?]
	at flk.<init>(SourceFile:444) [client.jar:?]
	at net.minecraft.client.main.Main.main(SourceFile:250) [client.jar:?]
[23:15:09] [Render thread/WARN]: Failed to delete cache file D:\Project Launcher\launcher-data\downloads\libraries\org\lwjgl\lwjgl\3.3.3\lwjgl-3.3.3.jar
java.nio.file.FileSystemException: D:\Project Launcher\launcher-data\downloads\libraries\org\lwjgl\lwjgl\3.3.3\lwjgl-3.3.3.jar: The process cannot access the file because it is being used by another process
	at java.base/sun.nio.fs.WindowsException.translateToIOException(WindowsException.java:92) ~[?:?]
	at java.base/sun.nio.fs.WindowsException.rethrowAsIOException(WindowsException.java:103) ~[?:?]
	at java.base/sun.nio.fs.WindowsException.rethrowAsIOException(WindowsException.java:108) ~[?:?]
	at java.base/sun.nio.fs.WindowsFileSystemProvider.implDelete(WindowsFileSystemProvider.java:273) ~[?:?]
	at java.base/sun.nio.fs.AbstractFileSystemProvider.delete(AbstractFileSystemProvider.java:105) ~[?:?]
	at java.base/java.nio.file.Files.delete(Files.java:1153) ~[?:?]
	at asw.a(SourceFile:61) [client.jar:?]
	at asx.<init>(SourceFile:98) [client.jar:?]
	at hhs.<init>(SourceFile:98) [client.jar:?]
	at flk.<init>(SourceFile:444) [client.jar:?]
	at net.minecraft.client.main.Main.main(SourceFile:250) [client.jar:?]
[23:15:09] [Render thread/WARN]: Failed to delete cache file D:\Project Launcher\launcher-data\downloads\libraries\org\lwjgl\lwjgl-freetype\3.3.3\lwjgl-freetype-3.3.3-natives-windows.jar
java.nio.file.FileSystemException: D:\Project Launcher\launcher-data\downloads\libraries\org\lwjgl\lwjgl-freetype\3.3.3\lwjgl-freetype-3.3.3-natives-windows.jar: The process cannot access the file because it is being used by another process
	at java.base/sun.nio.fs.WindowsException.translateToIOException(WindowsException.java:92) ~[?:?]
	at java.base/sun.nio.fs.WindowsException.rethrowAsIOException(WindowsException.java:103) ~[?:?]
	at java.base/sun.nio.fs.WindowsException.rethrowAsIOException(WindowsException.java:108) ~[?:?]
	at java.base/sun.nio.fs.WindowsFileSystemProvider.implDelete(WindowsFileSystemProvider.java:273) ~[?:?]
	at java.base/sun.nio.fs.AbstractFileSystemProvider.delete(AbstractFileSystemProvider.java:105) ~[?:?]
	at java.base/java.nio.file.Files.delete(Files.java:1153) ~[?:?]
	at asw.a(SourceFile:61) [client.jar:?]
	at asx.<init>(SourceFile:98) [client.jar:?]
	at hhs.<init>(SourceFile:98) [client.jar:?]
	at flk.<init>(SourceFile:444) [client.jar:?]
	at net.minecraft.client.main.Main.main(SourceFile:250) [client.jar:?]
[23:15:09] [Render thread/WARN]: Failed to delete cache file D:\Project Launcher\launcher-data\downloads\libraries\org\lwjgl\lwjgl-glfw\3.3.3\lwjgl-glfw-3.3.3-natives-windows.jar
java.nio.file.FileSystemException: D:\Project Launcher\launcher-data\downloads\libraries\org\lwjgl\lwjgl-glfw\3.3.3\lwjgl-glfw-3.3.3-natives-windows.jar: The process cannot access the file because it is being used by another process
	at java.base/sun.nio.fs.WindowsException.translateToIOException(WindowsException.java:92) ~[?:?]
	at java.base/sun.nio.fs.WindowsException.rethrowAsIOException(WindowsException.java:103) ~[?:?]
	at java.base/sun.nio.fs.WindowsException.rethrowAsIOException(WindowsException.java:108) ~[?:?]
	at java.base/sun.nio.fs.WindowsFileSystemProvider.implDelete(WindowsFileSystemProvider.java:273) ~[?:?]
	at java.base/sun.nio.fs.AbstractFileSystemProvider.delete(AbstractFileSystemProvider.java:105) ~[?:?]
	at java.base/java.nio.file.Files.delete(Files.java:1153) ~[?:?]
	at asw.a(SourceFile:61) [client.jar:?]
	at asx.<init>(SourceFile:98) [client.jar:?]
	at hhs.<init>(SourceFile:98) [client.jar:?]
	at flk.<init>(SourceFile:444) [client.jar:?]
	at net.minecraft.client.main.Main.main(SourceFile:250) [client.jar:?]
[23:15:09] [Render thread/WARN]: Failed to delete cache file D:\Project Launcher\launcher-data\downloads\libraries\org\lwjgl\lwjgl-jemalloc\3.3.3\lwjgl-jemalloc-3.3.3-natives-windows.jar
java.nio.file.FileSystemException: D:\Project Launcher\launcher-data\downloads\libraries\org\lwjgl\lwjgl-jemalloc\3.3.3\lwjgl-jemalloc-3.3.3-natives-windows.jar: The process cannot access the file because it is being used by another process
	at java.base/sun.nio.fs.WindowsException.translateToIOException(WindowsException.java:92) ~[?:?]
	at java.base/sun.nio.fs.WindowsException.rethrowAsIOException(WindowsException.java:103) ~[?:?]
	at java.base/sun.nio.fs.WindowsException.rethrowAsIOException(WindowsException.java:108) ~[?:?]
	at java.base/sun.nio.fs.WindowsFileSystemProvider.implDelete(WindowsFileSystemProvider.java:273) ~[?:?]
	at java.base/sun.nio.fs.AbstractFileSystemProvider.delete(AbstractFileSystemProvider.java:105) ~[?:?]
	at java.base/java.nio.file.Files.delete(Files.java:1153) ~[?:?]
	at asw.a(SourceFile:61) [client.jar:?]
	at asx.<init>(SourceFile:98) [client.jar:?]
	at hhs.<init>(SourceFile:98) [client.jar:?]
	at flk.<init>(SourceFile:444) [client.jar:?]
	at net.minecraft.client.main.Main.main(SourceFile:250) [client.jar:?]
[23:15:09] [Render thread/WARN]: Failed to delete cache file D:\Project Launcher\launcher-data\downloads\libraries\org\lwjgl\lwjgl-openal\3.3.3\lwjgl-openal-3.3.3-natives-windows.jar
java.nio.file.FileSystemException: D:\Project Launcher\launcher-data\downloads\libraries\org\lwjgl\lwjgl-openal\3.3.3\lwjgl-openal-3.3.3-natives-windows.jar: The process cannot access the file because it is being used by another process
	at java.base/sun.nio.fs.WindowsException.translateToIOException(WindowsException.java:92) ~[?:?]
	at java.base/sun.nio.fs.WindowsException.rethrowAsIOException(WindowsException.java:103) ~[?:?]
	at java.base/sun.nio.fs.WindowsException.rethrowAsIOException(WindowsException.java:108) ~[?:?]
	at java.base/sun.nio.fs.WindowsFileSystemProvider.implDelete(WindowsFileSystemProvider.java:273) ~[?:?]
	at java.base/sun.nio.fs.AbstractFileSystemProvider.delete(AbstractFileSystemProvider.java:105) ~[?:?]
	at java.base/java.nio.file.Files.delete(Files.java:1153) ~[?:?]
	at asw.a(SourceFile:61) [client.jar:?]
	at asx.<init>(SourceFile:98) [client.jar:?]
	at hhs.<init>(SourceFile:98) [client.jar:?]
	at flk.<init>(SourceFile:444) [client.jar:?]
	at net.minecraft.client.main.Main.main(SourceFile:250) [client.jar:?]
[23:15:09] [Render thread/WARN]: Failed to delete cache file D:\Project Launcher\launcher-data\downloads\libraries\org\lwjgl\lwjgl-opengl\3.3.3\lwjgl-opengl-3.3.3-natives-windows.jar
java.nio.file.FileSystemException: D:\Project Launcher\launcher-data\downloads\libraries\org\lwjgl\lwjgl-opengl\3.3.3\lwjgl-opengl-3.3.3-natives-windows.jar: The process cannot access the file because it is being used by another process
	at java.base/sun.nio.fs.WindowsException.translateToIOException(WindowsException.java:92) ~[?:?]
	at java.base/sun.nio.fs.WindowsException.rethrowAsIOException(WindowsException.java:103) ~[?:?]
	at java.base/sun.nio.fs.WindowsException.rethrowAsIOException(WindowsException.java:108) ~[?:?]
	at java.base/sun.nio.fs.WindowsFileSystemProvider.implDelete(WindowsFileSystemProvider.java:273) ~[?:?]
	at java.base/sun.nio.fs.AbstractFileSystemProvider.delete(AbstractFileSystemProvider.java:105) ~[?:?]
	at java.base/java.nio.file.Files.delete(Files.java:1153) ~[?:?]
	at asw.a(SourceFile:61) [client.jar:?]
	at asx.<init>(SourceFile:98) [client.jar:?]
	at hhs.<init>(SourceFile:98) [client.jar:?]
	at flk.<init>(SourceFile:444) [client.jar:?]
	at net.minecraft.client.main.Main.main(SourceFile:250) [client.jar:?]
[23:15:09] [Render thread/WARN]: Failed to delete cache file D:\Project Launcher\launcher-data\downloads\libraries\org\lwjgl\lwjgl-stb\3.3.3\lwjgl-stb-3.3.3-natives-windows.jar
java.nio.file.FileSystemException: D:\Project Launcher\launcher-data\downloads\libraries\org\lwjgl\lwjgl-stb\3.3.3\lwjgl-stb-3.3.3-natives-windows.jar: The process cannot access the file because it is being used by another process
	at java.base/sun.nio.fs.WindowsException.translateToIOException(WindowsException.java:92) ~[?:?]
	at java.base/sun.nio.fs.WindowsException.rethrowAsIOException(WindowsException.java:103) ~[?:?]
	at java.base/sun.nio.fs.WindowsException.rethrowAsIOException(WindowsException.java:108) ~[?:?]
	at java.base/sun.nio.fs.WindowsFileSystemProvider.implDelete(WindowsFileSystemProvider.java:273) ~[?:?]
	at java.base/sun.nio.fs.AbstractFileSystemProvider.delete(AbstractFileSystemProvider.java:105) ~[?:?]
	at java.base/java.nio.file.Files.delete(Files.java:1153) ~[?:?]
	at asw.a(SourceFile:61) [client.jar:?]
	at asx.<init>(SourceFile:98) [client.jar:?]
	at hhs.<init>(SourceFile:98) [client.jar:?]
	at flk.<init>(SourceFile:444) [client.jar:?]
	at net.minecraft.client.main.Main.main(SourceFile:250) [client.jar:?]
[23:15:09] [Render thread/WARN]: Failed to delete cache file D:\Project Launcher\launcher-data\downloads\libraries\org\lwjgl\lwjgl-tinyfd\3.3.3\lwjgl-tinyfd-3.3.3-natives-windows.jar
java.nio.file.FileSystemException: D:\Project Launcher\launcher-data\downloads\libraries\org\lwjgl\lwjgl-tinyfd\3.3.3\lwjgl-tinyfd-3.3.3-natives-windows.jar: The process cannot access the file because it is being used by another process
	at java.base/sun.nio.fs.WindowsException.translateToIOException(WindowsException.java:92) ~[?:?]
	at java.base/sun.nio.fs.WindowsException.rethrowAsIOException(WindowsException.java:103) ~[?:?]
	at java.base/sun.nio.fs.WindowsException.rethrowAsIOException(WindowsException.java:108) ~[?:?]
	at java.base/sun.nio.fs.WindowsFileSystemProvider.implDelete(WindowsFileSystemProvider.java:273) ~[?:?]
	at java.base/sun.nio.fs.AbstractFileSystemProvider.delete(AbstractFileSystemProvider.java:105) ~[?:?]
	at java.base/java.nio.file.Files.delete(Files.java:1153) ~[?:?]
	at asw.a(SourceFile:61) [client.jar:?]
	at asx.<init>(SourceFile:98) [client.jar:?]
	at hhs.<init>(SourceFile:98) [client.jar:?]
	at flk.<init>(SourceFile:444) [client.jar:?]
	at net.minecraft.client.main.Main.main(SourceFile:250) [client.jar:?]
[23:15:09] [Render thread/WARN]: Failed to delete cache file D:\Project Launcher\launcher-data\downloads\libraries\org\lwjgl\lwjgl\3.3.3\lwjgl-3.3.3-natives-windows.jar
java.nio.file.FileSystemException: D:\Project Launcher\launcher-data\downloads\libraries\org\lwjgl\lwjgl\3.3.3\lwjgl-3.3.3-natives-windows.jar: The process cannot access the file because it is being used by another process
	at java.base/sun.nio.fs.WindowsException.translateToIOException(WindowsException.java:92) ~[?:?]
	at java.base/sun.nio.fs.WindowsException.rethrowAsIOException(WindowsException.java:103) ~[?:?]
	at java.base/sun.nio.fs.WindowsException.rethrowAsIOException(WindowsException.java:108) ~[?:?]
	at java.base/sun.nio.fs.WindowsFileSystemProvider.implDelete(WindowsFileSystemProvider.java:273) ~[?:?]
	at java.base/sun.nio.fs.AbstractFileSystemProvider.delete(AbstractFileSystemProvider.java:105) ~[?:?]
	at java.base/java.nio.file.Files.delete(Files.java:1153) ~[?:?]
	at asw.a(SourceFile:61) [client.jar:?]
	at asx.<init>(SourceFile:98) [client.jar:?]
	at hhs.<init>(SourceFile:98) [client.jar:?]
	at flk.<init>(SourceFile:444) [client.jar:?]
	at net.minecraft.client.main.Main.main(SourceFile:250) [client.jar:?]
[23:15:09] [Render thread/WARN]: Failed to delete cache file D:\Project Launcher\launcher-data\downloads\libraries\com\mojang\jtracy\1.0.29\jtracy-1.0.29.jar
java.nio.file.FileSystemException: D:\Project Launcher\launcher-data\downloads\libraries\com\mojang\jtracy\1.0.29\jtracy-1.0.29.jar: The process cannot access the file because it is being used by another process
	at java.base/sun.nio.fs.WindowsException.translateToIOException(WindowsException.java:92) ~[?:?]
	at java.base/sun.nio.fs.WindowsException.rethrowAsIOException(WindowsException.java:103) ~[?:?]
	at java.base/sun.nio.fs.WindowsException.rethrowAsIOException(WindowsException.java:108) ~[?:?]
	at java.base/sun.nio.fs.WindowsFileSystemProvider.implDelete(WindowsFileSystemProvider.java:273) ~[?:?]
	at java.base/sun.nio.fs.AbstractFileSystemProvider.delete(AbstractFileSystemProvider.java:105) ~[?:?]
	at java.base/java.nio.file.Files.delete(Files.java:1153) ~[?:?]
	at asw.a(SourceFile:61) [client.jar:?]
	at asx.<init>(SourceFile:98) [client.jar:?]
	at hhs.<init>(SourceFile:98) [client.jar:?]
	at flk.<init>(SourceFile:444) [client.jar:?]
	at net.minecraft.client.main.Main.main(SourceFile:250) [client.jar:?]
[23:15:09] [Render thread/WARN]: Failed to delete cache file D:\Project Launcher\launcher-data\downloads\libraries\org\lwjgl\lwjgl-freetype\3.3.3\lwjgl-freetype-3.3.3-natives-windows-arm64.jar
java.nio.file.FileSystemException: D:\Project Launcher\launcher-data\downloads\libraries\org\lwjgl\lwjgl-freetype\3.3.3\lwjgl-freetype-3.3.3-natives-windows-arm64.jar: The process cannot access the file because it is being used by another process
	at java.base/sun.nio.fs.WindowsException.translateToIOException(WindowsException.java:92) ~[?:?]
	at java.base/sun.nio.fs.WindowsException.rethrowAsIOException(WindowsException.java:103) ~[?:?]
	at java.base/sun.nio.fs.WindowsException.rethrowAsIOException(WindowsException.java:108) ~[?:?]
	at java.base/sun.nio.fs.WindowsFileSystemProvider.implDelete(WindowsFileSystemProvider.java:273) ~[?:?]
	at java.base/sun.nio.fs.AbstractFileSystemProvider.delete(AbstractFileSystemProvider.java:105) ~[?:?]
	at java.base/java.nio.file.Files.delete(Files.java:1153) ~[?:?]
	at asw.a(SourceFile:61) [client.jar:?]
	at asx.<init>(SourceFile:98) [client.jar:?]
	at hhs.<init>(SourceFile:98) [client.jar:?]
	at flk.<init>(SourceFile:444) [client.jar:?]
	at net.minecraft.client.main.Main.main(SourceFile:250) [client.jar:?]
[23:15:09] [Render thread/WARN]: Failed to delete cache file D:\Project Launcher\launcher-data\downloads\libraries\org\lwjgl\lwjgl-glfw\3.3.3\lwjgl-glfw-3.3.3-natives-windows-arm64.jar
java.nio.file.FileSystemException: D:\Project Launcher\launcher-data\downloads\libraries\org\lwjgl\lwjgl-glfw\3.3.3\lwjgl-glfw-3.3.3-natives-windows-arm64.jar: The process cannot access the file because it is being used by another process
	at java.base/sun.nio.fs.WindowsException.translateToIOException(WindowsException.java:92) ~[?:?]
	at java.base/sun.nio.fs.WindowsException.rethrowAsIOException(WindowsException.java:103) ~[?:?]
	at java.base/sun.nio.fs.WindowsException.rethrowAsIOException(WindowsException.java:108) ~[?:?]
	at java.base/sun.nio.fs.WindowsFileSystemProvider.implDelete(WindowsFileSystemProvider.java:273) ~[?:?]
	at java.base/sun.nio.fs.AbstractFileSystemProvider.delete(AbstractFileSystemProvider.java:105) ~[?:?]
	at java.base/java.nio.file.Files.delete(Files.java:1153) ~[?:?]
	at asw.a(SourceFile:61) [client.jar:?]
	at asx.<init>(SourceFile:98) [client.jar:?]
	at hhs.<init>(SourceFile:98) [client.jar:?]
	at flk.<init>(SourceFile:444) [client.jar:?]
	at net.minecraft.client.main.Main.main(SourceFile:250) [client.jar:?]
[23:15:09] [Render thread/WARN]: Failed to delete cache file D:\Project Launcher\launcher-data\downloads\libraries\org\lwjgl\lwjgl-jemalloc\3.3.3\lwjgl-jemalloc-3.3.3-natives-windows-arm64.jar
java.nio.file.FileSystemException: D:\Project Launcher\launcher-data\downloads\libraries\org\lwjgl\lwjgl-jemalloc\3.3.3\lwjgl-jemalloc-3.3.3-natives-windows-arm64.jar: The process cannot access the file because it is being used by another process
	at java.base/sun.nio.fs.WindowsException.translateToIOException(WindowsException.java:92) ~[?:?]
	at java.base/sun.nio.fs.WindowsException.rethrowAsIOException(WindowsException.java:103) ~[?:?]
	at java.base/sun.nio.fs.WindowsException.rethrowAsIOException(WindowsException.java:108) ~[?:?]
	at java.base/sun.nio.fs.WindowsFileSystemProvider.implDelete(WindowsFileSystemProvider.java:273) ~[?:?]
	at java.base/sun.nio.fs.AbstractFileSystemProvider.delete(AbstractFileSystemProvider.java:105) ~[?:?]
	at java.base/java.nio.file.Files.delete(Files.java:1153) ~[?:?]
	at asw.a(SourceFile:61) [client.jar:?]
	at asx.<init>(SourceFile:98) [client.jar:?]
	at hhs.<init>(SourceFile:98) [client.jar:?]
	at flk.<init>(SourceFile:444) [client.jar:?]
	at net.minecraft.client.main.Main.main(SourceFile:250) [client.jar:?]
[23:15:09] [Render thread/WARN]: Failed to delete cache file D:\Project Launcher\launcher-data\downloads\libraries\org\lwjgl\lwjgl-openal\3.3.3\lwjgl-openal-3.3.3-natives-windows-arm64.jar
java.nio.file.FileSystemException: D:\Project Launcher\launcher-data\downloads\libraries\org\lwjgl\lwjgl-openal\3.3.3\lwjgl-openal-3.3.3-natives-windows-arm64.jar: The process cannot access the file because it is being used by another process
	at java.base/sun.nio.fs.WindowsException.translateToIOException(WindowsException.java:92) ~[?:?]
	at java.base/sun.nio.fs.WindowsException.rethrowAsIOException(WindowsException.java:103) ~[?:?]
	at java.base/sun.nio.fs.WindowsException.rethrowAsIOException(WindowsException.java:108) ~[?:?]
	at java.base/sun.nio.fs.WindowsFileSystemProvider.implDelete(WindowsFileSystemProvider.java:273) ~[?:?]
	at java.base/sun.nio.fs.AbstractFileSystemProvider.delete(AbstractFileSystemProvider.java:105) ~[?:?]
	at java.base/java.nio.file.Files.delete(Files.java:1153) ~[?:?]
	at asw.a(SourceFile:61) [client.jar:?]
	at asx.<init>(SourceFile:98) [client.jar:?]
	at hhs.<init>(SourceFile:98) [client.jar:?]
	at flk.<init>(SourceFile:444) [client.jar:?]
	at net.minecraft.client.main.Main.main(SourceFile:250) [client.jar:?]
[23:15:09] [Render thread/WARN]: Failed to delete cache file D:\Project Launcher\launcher-data\downloads\libraries\org\lwjgl\lwjgl-opengl\3.3.3\lwjgl-opengl-3.3.3-natives-windows-arm64.jar
java.nio.file.FileSystemException: D:\Project Launcher\launcher-data\downloads\libraries\org\lwjgl\lwjgl-opengl\3.3.3\lwjgl-opengl-3.3.3-natives-windows-arm64.jar: The process cannot access the file because it is being used by another process
	at java.base/sun.nio.fs.WindowsException.translateToIOException(WindowsException.java:92) ~[?:?]
	at java.base/sun.nio.fs.WindowsException.rethrowAsIOException(WindowsException.java:103) ~[?:?]
	at java.base/sun.nio.fs.WindowsException.rethrowAsIOException(WindowsException.java:108) ~[?:?]
	at java.base/sun.nio.fs.WindowsFileSystemProvider.implDelete(WindowsFileSystemProvider.java:273) ~[?:?]
	at java.base/sun.nio.fs.AbstractFileSystemProvider.delete(AbstractFileSystemProvider.java:105) ~[?:?]
	at java.base/java.nio.file.Files.delete(Files.java:1153) ~[?:?]
	at asw.a(SourceFile:61) [client.jar:?]
	at asx.<init>(SourceFile:98) [client.jar:?]
	at hhs.<init>(SourceFile:98) [client.jar:?]
	at flk.<init>(SourceFile:444) [client.jar:?]
	at net.minecraft.client.main.Main.main(SourceFile:250) [client.jar:?]
[23:15:09] [Render thread/WARN]: Failed to delete cache file D:\Project Launcher\launcher-data\downloads\libraries\org\lwjgl\lwjgl-stb\3.3.3\lwjgl-stb-3.3.3-natives-windows-arm64.jar
java.nio.file.FileSystemException: D:\Project Launcher\launcher-data\downloads\libraries\org\lwjgl\lwjgl-stb\3.3.3\lwjgl-stb-3.3.3-natives-windows-arm64.jar: The process cannot access the file because it is being used by another process
	at java.base/sun.nio.fs.WindowsException.translateToIOException(WindowsException.java:92) ~[?:?]
	at java.base/sun.nio.fs.WindowsException.rethrowAsIOException(WindowsException.java:103) ~[?:?]
	at java.base/sun.nio.fs.WindowsException.rethrowAsIOException(WindowsException.java:108) ~[?:?]
	at java.base/sun.nio.fs.WindowsFileSystemProvider.implDelete(WindowsFileSystemProvider.java:273) ~[?:?]
	at java.base/sun.nio.fs.AbstractFileSystemProvider.delete(AbstractFileSystemProvider.java:105) ~[?:?]
	at java.base/java.nio.file.Files.delete(Files.java:1153) ~[?:?]
	at asw.a(SourceFile:61) [client.jar:?]
	at asx.<init>(SourceFile:98) [client.jar:?]
	at hhs.<init>(SourceFile:98) [client.jar:?]
	at flk.<init>(SourceFile:444) [client.jar:?]
	at net.minecraft.client.main.Main.main(SourceFile:250) [client.jar:?]
[23:15:09] [Render thread/WARN]: Failed to delete cache file D:\Project Launcher\launcher-data\downloads\libraries\org\lwjgl\lwjgl-tinyfd\3.3.3\lwjgl-tinyfd-3.3.3-natives-windows-arm64.jar
java.nio.file.FileSystemException: D:\Project Launcher\launcher-data\downloads\libraries\org\lwjgl\lwjgl-tinyfd\3.3.3\lwjgl-tinyfd-3.3.3-natives-windows-arm64.jar: The process cannot access the file because it is being used by another process
	at java.base/sun.nio.fs.WindowsException.translateToIOException(WindowsException.java:92) ~[?:?]
	at java.base/sun.nio.fs.WindowsException.rethrowAsIOException(WindowsException.java:103) ~[?:?]
	at java.base/sun.nio.fs.WindowsException.rethrowAsIOException(WindowsException.java:108) ~[?:?]
	at java.base/sun.nio.fs.WindowsFileSystemProvider.implDelete(WindowsFileSystemProvider.java:273) ~[?:?]
	at java.base/sun.nio.fs.AbstractFileSystemProvider.delete(AbstractFileSystemProvider.java:105) ~[?:?]
	at java.base/java.nio.file.Files.delete(Files.java:1153) ~[?:?]
	at asw.a(SourceFile:61) [client.jar:?]
	at asx.<init>(SourceFile:98) [client.jar:?]
	at hhs.<init>(SourceFile:98) [client.jar:?]
	at flk.<init>(SourceFile:444) [client.jar:?]
	at net.minecraft.client.main.Main.main(SourceFile:250) [client.jar:?]
[23:15:09] [Render thread/WARN]: Failed to delete cache file D:\Project Launcher\launcher-data\downloads\libraries\org\lwjgl\lwjgl\3.3.3\lwjgl-3.3.3-natives-windows-arm64.jar
java.nio.file.FileSystemException: D:\Project Launcher\launcher-data\downloads\libraries\org\lwjgl\lwjgl\3.3.3\lwjgl-3.3.3-natives-windows-arm64.jar: The process cannot access the file because it is being used by another process
	at java.base/sun.nio.fs.WindowsException.translateToIOException(WindowsException.java:92) ~[?:?]
	at java.base/sun.nio.fs.WindowsException.rethrowAsIOException(WindowsException.java:103) ~[?:?]
	at java.base/sun.nio.fs.WindowsException.rethrowAsIOException(WindowsException.java:108) ~[?:?]
	at java.base/sun.nio.fs.WindowsFileSystemProvider.implDelete(WindowsFileSystemProvider.java:273) ~[?:?]
	at java.base/sun.nio.fs.AbstractFileSystemProvider.delete(AbstractFileSystemProvider.java:105) ~[?:?]
	at java.base/java.nio.file.Files.delete(Files.java:1153) ~[?:?]
	at asw.a(SourceFile:61) [client.jar:?]
	at asx.<init>(SourceFile:98) [client.jar:?]
	at hhs.<init>(SourceFile:98) [client.jar:?]
	at flk.<init>(SourceFile:444) [client.jar:?]
	at net.minecraft.client.main.Main.main(SourceFile:250) [client.jar:?]
[23:15:09] [Render thread/WARN]: Failed to delete cache file D:\Project Launcher\launcher-data\downloads\libraries\com\fasterxml\jackson\core\jackson-annotations\2.13.4\jackson-annotations-2.13.4.jar
java.nio.file.FileSystemException: D:\Project Launcher\launcher-data\downloads\libraries\com\fasterxml\jackson\core\jackson-annotations\2.13.4\jackson-annotations-2.13.4.jar: The process cannot access the file because it is being used by another process
	at java.base/sun.nio.fs.WindowsException.translateToIOException(WindowsException.java:92) ~[?:?]
	at java.base/sun.nio.fs.WindowsException.rethrowAsIOException(WindowsException.java:103) ~[?:?]
	at java.base/sun.nio.fs.WindowsException.rethrowAsIOException(WindowsException.java:108) ~[?:?]
	at java.base/sun.nio.fs.WindowsFileSystemProvider.implDelete(WindowsFileSystemProvider.java:273) ~[?:?]
	at java.base/sun.nio.fs.AbstractFileSystemProvider.delete(AbstractFileSystemProvider.java:105) ~[?:?]
	at java.base/java.nio.file.Files.delete(Files.java:1153) ~[?:?]
	at asw.a(SourceFile:61) [client.jar:?]
	at asx.<init>(SourceFile:98) [client.jar:?]
	at hhs.<init>(SourceFile:98) [client.jar:?]
	at flk.<init>(SourceFile:444) [client.jar:?]
	at net.minecraft.client.main.Main.main(SourceFile:250) [client.jar:?]
[23:15:09] [Render thread/WARN]: Failed to delete cache file D:\Project Launcher\launcher-data\downloads\libraries\com\fasterxml\jackson\core\jackson-core\2.13.4\jackson-core-2.13.4.jar
java.nio.file.FileSystemException: D:\Project Launcher\launcher-data\downloads\libraries\com\fasterxml\jackson\core\jackson-core\2.13.4\jackson-core-2.13.4.jar: The process cannot access the file because it is being used by another process
	at java.base/sun.nio.fs.WindowsException.translateToIOException(WindowsException.java:92) ~[?:?]
	at java.base/sun.nio.fs.WindowsException.rethrowAsIOException(WindowsException.java:103) ~[?:?]
	at java.base/sun.nio.fs.WindowsException.rethrowAsIOException(WindowsException.java:108) ~[?:?]
	at java.base/sun.nio.fs.WindowsFileSystemProvider.implDelete(WindowsFileSystemProvider.java:273) ~[?:?]
	at java.base/sun.nio.fs.AbstractFileSystemProvider.delete(AbstractFileSystemProvider.java:105) ~[?:?]
	at java.base/java.nio.file.Files.delete(Files.java:1153) ~[?:?]
	at asw.a(SourceFile:61) [client.jar:?]
	at asx.<init>(SourceFile:98) [client.jar:?]
	at hhs.<init>(SourceFile:98) [client.jar:?]
	at flk.<init>(SourceFile:444) [client.jar:?]
	at net.minecraft.client.main.Main.main(SourceFile:250) [client.jar:?]
[23:15:09] [Render thread/WARN]: Failed to delete cache file D:\Project Launcher\launcher-data\downloads\libraries\com\fasterxml\jackson\core\jackson-databind\2.13.4.2\jackson-databind-2.13.4.2.jar
java.nio.file.FileSystemException: D:\Project Launcher\launcher-data\downloads\libraries\com\fasterxml\jackson\core\jackson-databind\2.13.4.2\jackson-databind-2.13.4.2.jar: The process cannot access the file because it is being used by another process
	at java.base/sun.nio.fs.WindowsException.translateToIOException(WindowsException.java:92) ~[?:?]
	at java.base/sun.nio.fs.WindowsException.rethrowAsIOException(WindowsException.java:103) ~[?:?]
	at java.base/sun.nio.fs.WindowsException.rethrowAsIOException(WindowsException.java:108) ~[?:?]
	at java.base/sun.nio.fs.WindowsFileSystemProvider.implDelete(WindowsFileSystemProvider.java:273) ~[?:?]
	at java.base/sun.nio.fs.AbstractFileSystemProvider.delete(AbstractFileSystemProvider.java:105) ~[?:?]
	at java.base/java.nio.file.Files.delete(Files.java:1153) ~[?:?]
	at asw.a(SourceFile:61) [client.jar:?]
	at asx.<init>(SourceFile:98) [client.jar:?]
	at hhs.<init>(SourceFile:98) [client.jar:?]
	at flk.<init>(SourceFile:444) [client.jar:?]
	at net.minecraft.client.main.Main.main(SourceFile:250) [client.jar:?]
[23:15:09] [Render thread/WARN]: Failed to delete cache file D:\Project Launcher\launcher-data\downloads\libraries\com\github\oshi\oshi-core\6.6.5\oshi-core-6.6.5.jar
java.nio.file.FileSystemException: D:\Project Launcher\launcher-data\downloads\libraries\com\github\oshi\oshi-core\6.6.5\oshi-core-6.6.5.jar: The process cannot access the file because it is being used by another process
	at java.base/sun.nio.fs.WindowsException.translateToIOException(WindowsException.java:92) ~[?:?]
	at java.base/sun.nio.fs.WindowsException.rethrowAsIOException(WindowsException.java:103) ~[?:?]
	at java.base/sun.nio.fs.WindowsException.rethrowAsIOException(WindowsException.java:108) ~[?:?]
	at java.base/sun.nio.fs.WindowsFileSystemProvider.implDelete(WindowsFileSystemProvider.java:273) ~[?:?]
	at java.base/sun.nio.fs.AbstractFileSystemProvider.delete(AbstractFileSystemProvider.java:105) ~[?:?]
	at java.base/java.nio.file.Files.delete(Files.java:1153) ~[?:?]
	at asw.a(SourceFile:61) [client.jar:?]
	at asx.<init>(SourceFile:98) [client.jar:?]
	at hhs.<init>(SourceFile:98) [client.jar:?]
	at flk.<init>(SourceFile:444) [client.jar:?]
	at net.minecraft.client.main.Main.main(SourceFile:250) [client.jar:?]
[23:15:09] [Render thread/WARN]: Failed to delete cache file D:\Project Launcher\launcher-data\downloads\libraries\com\github\stephenc\jcip\jcip-annotations\1.0-1\jcip-annotations-1.0-1.jar
java.nio.file.FileSystemException: D:\Project Launcher\launcher-data\downloads\libraries\com\github\stephenc\jcip\jcip-annotations\1.0-1\jcip-annotations-1.0-1.jar: The process cannot access the file because it is being used by another process
	at java.base/sun.nio.fs.WindowsException.translateToIOException(WindowsException.java:92) ~[?:?]
	at java.base/sun.nio.fs.WindowsException.rethrowAsIOException(WindowsException.java:103) ~[?:?]
	at java.base/sun.nio.fs.WindowsException.rethrowAsIOException(WindowsException.java:108) ~[?:?]
	at java.base/sun.nio.fs.WindowsFileSystemProvider.implDelete(WindowsFileSystemProvider.java:273) ~[?:?]
	at java.base/sun.nio.fs.AbstractFileSystemProvider.delete(AbstractFileSystemProvider.java:105) ~[?:?]
	at java.base/java.nio.file.Files.delete(Files.java:1153) ~[?:?]
	at asw.a(SourceFile:61) [client.jar:?]
	at asx.<init>(SourceFile:98) [client.jar:?]
	at hhs.<init>(SourceFile:98) [client.jar:?]
	at flk.<init>(SourceFile:444) [client.jar:?]
	at net.minecraft.client.main.Main.main(SourceFile:250) [client.jar:?]
[23:15:09] [Render thread/WARN]: Failed to delete cache file D:\Project Launcher\launcher-data\downloads\libraries\com\google\code\gson\gson\2.11.0\gson-2.11.0.jar
java.nio.file.FileSystemException: D:\Project Launcher\launcher-data\downloads\libraries\com\google\code\gson\gson\2.11.0\gson-2.11.0.jar: The process cannot access the file because it is being used by another process
	at java.base/sun.nio.fs.WindowsException.translateToIOException(WindowsException.java:92) ~[?:?]
	at java.base/sun.nio.fs.WindowsException.rethrowAsIOException(WindowsException.java:103) ~[?:?]
	at java.base/sun.nio.fs.WindowsException.rethrowAsIOException(WindowsException.java:108) ~[?:?]
	at java.base/sun.nio.fs.WindowsFileSystemProvider.implDelete(WindowsFileSystemProvider.java:273) ~[?:?]
	at java.base/sun.nio.fs.AbstractFileSystemProvider.delete(AbstractFileSystemProvider.java:105) ~[?:?]
	at java.base/java.nio.file.Files.delete(Files.java:1153) ~[?:?]
	at asw.a(SourceFile:61) [client.jar:?]
	at asx.<init>(SourceFile:98) [client.jar:?]
	at hhs.<init>(SourceFile:98) [client.jar:?]
	at flk.<init>(SourceFile:444) [client.jar:?]
	at net.minecraft.client.main.Main.main(SourceFile:250) [client.jar:?]
[23:15:09] [Render thread/WARN]: Failed to delete cache file D:\Project Launcher\launcher-data\downloads\libraries\com\google\guava\failureaccess\1.0.2\failureaccess-1.0.2.jar
java.nio.file.FileSystemException: D:\Project Launcher\launcher-data\downloads\libraries\com\google\guava\failureaccess\1.0.2\failureaccess-1.0.2.jar: The process cannot access the file because it is being used by another process
	at java.base/sun.nio.fs.WindowsException.translateToIOException(WindowsException.java:92) ~[?:?]
	at java.base/sun.nio.fs.WindowsException.rethrowAsIOException(WindowsException.java:103) ~[?:?]
	at java.base/sun.nio.fs.WindowsException.rethrowAsIOException(WindowsException.java:108) ~[?:?]
	at java.base/sun.nio.fs.WindowsFileSystemProvider.implDelete(WindowsFileSystemProvider.java:273) ~[?:?]
	at java.base/sun.nio.fs.AbstractFileSystemProvider.delete(AbstractFileSystemProvider.java:105) ~[?:?]
	at java.base/java.nio.file.Files.delete(Files.java:1153) ~[?:?]
	at asw.a(SourceFile:61) [client.jar:?]
	at asx.<init>(SourceFile:98) [client.jar:?]
	at hhs.<init>(SourceFile:98) [client.jar:?]
	at flk.<init>(SourceFile:444) [client.jar:?]
	at net.minecraft.client.main.Main.main(SourceFile:250) [client.jar:?]
[23:15:09] [Render thread/WARN]: Failed to delete cache file D:\Project Launcher\launcher-data\downloads\libraries\com\google\guava\guava\33.3.1-jre\guava-33.3.1-jre.jar
java.nio.file.FileSystemException: D:\Project Launcher\launcher-data\downloads\libraries\com\google\guava\guava\33.3.1-jre\guava-33.3.1-jre.jar: The process cannot access the file because it is being used by another process
	at java.base/sun.nio.fs.WindowsException.translateToIOException(WindowsException.java:92) ~[?:?]
	at java.base/sun.nio.fs.WindowsException.rethrowAsIOException(WindowsException.java:103) ~[?:?]
	at java.base/sun.nio.fs.WindowsException.rethrowAsIOException(WindowsException.java:108) ~[?:?]
	at java.base/sun.nio.fs.WindowsFileSystemProvider.implDelete(WindowsFileSystemProvider.java:273) ~[?:?]
	at java.base/sun.nio.fs.AbstractFileSystemProvider.delete(AbstractFileSystemProvider.java:105) ~[?:?]
	at java.base/java.nio.file.Files.delete(Files.java:1153) ~[?:?]
	at asw.a(SourceFile:61) [client.jar:?]
	at asx.<init>(SourceFile:98) [client.jar:?]
	at hhs.<init>(SourceFile:98) [client.jar:?]
	at flk.<init>(SourceFile:444) [client.jar:?]
	at net.minecraft.client.main.Main.main(SourceFile:250) [client.jar:?]
[23:15:09] [Render thread/WARN]: Failed to delete cache file D:\Project Launcher\launcher-data\downloads\libraries\com\ibm\icu\icu4j\76.1\icu4j-76.1.jar
java.nio.file.FileSystemException: D:\Project Launcher\launcher-data\downloads\libraries\com\ibm\icu\icu4j\76.1\icu4j-76.1.jar: The process cannot access the file because it is being used by another process
	at java.base/sun.nio.fs.WindowsException.translateToIOException(WindowsException.java:92) ~[?:?]
	at java.base/sun.nio.fs.WindowsException.rethrowAsIOException(WindowsException.java:103) ~[?:?]
	at java.base/sun.nio.fs.WindowsException.rethrowAsIOException(WindowsException.java:108) ~[?:?]
	at java.base/sun.nio.fs.WindowsFileSystemProvider.implDelete(WindowsFileSystemProvider.java:273) ~[?:?]
	at java.base/sun.nio.fs.AbstractFileSystemProvider.delete(AbstractFileSystemProvider.java:105) ~[?:?]
	at java.base/java.nio.file.Files.delete(Files.java:1153) ~[?:?]
	at asw.a(SourceFile:61) [client.jar:?]
	at asx.<init>(SourceFile:98) [client.jar:?]
	at hhs.<init>(SourceFile:98) [client.jar:?]
	at flk.<init>(SourceFile:444) [client.jar:?]
	at net.minecraft.client.main.Main.main(SourceFile:250) [client.jar:?]
[23:15:09] [Render thread/WARN]: Failed to delete cache file D:\Project Launcher\launcher-data\downloads\libraries\com\microsoft\azure\msal4j\1.17.2\msal4j-1.17.2.jar
java.nio.file.FileSystemException: D:\Project Launcher\launcher-data\downloads\libraries\com\microsoft\azure\msal4j\1.17.2\msal4j-1.17.2.jar: The process cannot access the file because it is being used by another process
	at java.base/sun.nio.fs.WindowsException.translateToIOException(WindowsException.java:92) ~[?:?]
	at java.base/sun.nio.fs.WindowsException.rethrowAsIOException(WindowsException.java:103) ~[?:?]
	at java.base/sun.nio.fs.WindowsException.rethrowAsIOException(WindowsException.java:108) ~[?:?]
	at java.base/sun.nio.fs.WindowsFileSystemProvider.implDelete(WindowsFileSystemProvider.java:273) ~[?:?]
	at java.base/sun.nio.fs.AbstractFileSystemProvider.delete(AbstractFileSystemProvider.java:105) ~[?:?]
	at java.base/java.nio.file.Files.delete(Files.java:1153) ~[?:?]
	at asw.a(SourceFile:61) [client.jar:?]
	at asx.<init>(SourceFile:98) [client.jar:?]
	at hhs.<init>(SourceFile:98) [client.jar:?]
	at flk.<init>(SourceFile:444) [client.jar:?]
	at net.minecraft.client.main.Main.main(SourceFile:250) [client.jar:?]
[23:15:09] [Render thread/WARN]: Failed to delete cache file D:\Project Launcher\launcher-data\downloads\libraries\com\mojang\authlib\6.0.57\authlib-6.0.57.jar
java.nio.file.FileSystemException: D:\Project Launcher\launcher-data\downloads\libraries\com\mojang\authlib\6.0.57\authlib-6.0.57.jar: The process cannot access the file because it is being used by another process
	at java.base/sun.nio.fs.WindowsException.translateToIOException(WindowsException.java:92) ~[?:?]
	at java.base/sun.nio.fs.WindowsException.rethrowAsIOException(WindowsException.java:103) ~[?:?]
	at java.base/sun.nio.fs.WindowsException.rethrowAsIOException(WindowsException.java:108) ~[?:?]
	at java.base/sun.nio.fs.WindowsFileSystemProvider.implDelete(WindowsFileSystemProvider.java:273) ~[?:?]
	at java.base/sun.nio.fs.AbstractFileSystemProvider.delete(AbstractFileSystemProvider.java:105) ~[?:?]
	at java.base/java.nio.file.Files.delete(Files.java:1153) ~[?:?]
	at asw.a(SourceFile:61) [client.jar:?]
	at asx.<init>(SourceFile:98) [client.jar:?]
	at hhs.<init>(SourceFile:98) [client.jar:?]
	at flk.<init>(SourceFile:444) [client.jar:?]
	at net.minecraft.client.main.Main.main(SourceFile:250) [client.jar:?]
[23:15:09] [Render thread/WARN]: Failed to delete cache file D:\Project Launcher\launcher-data\downloads\libraries\com\mojang\blocklist\1.0.10\blocklist-1.0.10.jar
java.nio.file.FileSystemException: D:\Project Launcher\launcher-data\downloads\libraries\com\mojang\blocklist\1.0.10\blocklist-1.0.10.jar: The process cannot access the file because it is being used by another process
	at java.base/sun.nio.fs.WindowsException.translateToIOException(WindowsException.java:92) ~[?:?]
	at java.base/sun.nio.fs.WindowsException.rethrowAsIOException(WindowsException.java:103) ~[?:?]
	at java.base/sun.nio.fs.WindowsException.rethrowAsIOException(WindowsException.java:108) ~[?:?]
	at java.base/sun.nio.fs.WindowsFileSystemProvider.implDelete(WindowsFileSystemProvider.java:273) ~[?:?]
	at java.base/sun.nio.fs.AbstractFileSystemProvider.delete(AbstractFileSystemProvider.java:105) ~[?:?]
	at java.base/java.nio.file.Files.delete(Files.java:1153) ~[?:?]
	at asw.a(SourceFile:61) [client.jar:?]
	at asx.<init>(SourceFile:98) [client.jar:?]
	at hhs.<init>(SourceFile:98) [client.jar:?]
	at flk.<init>(SourceFile:444) [client.jar:?]
	at net.minecraft.client.main.Main.main(SourceFile:250) [client.jar:?]
[23:15:09] [Render thread/WARN]: Failed to delete cache file D:\Project Launcher\launcher-data\downloads\libraries\com\mojang\brigadier\1.3.10\brigadier-1.3.10.jar
java.nio.file.FileSystemException: D:\Project Launcher\launcher-data\downloads\libraries\com\mojang\brigadier\1.3.10\brigadier-1.3.10.jar: The process cannot access the file because it is being used by another process
	at java.base/sun.nio.fs.WindowsException.translateToIOException(WindowsException.java:92) ~[?:?]
	at java.base/sun.nio.fs.WindowsException.rethrowAsIOException(WindowsException.java:103) ~[?:?]
	at java.base/sun.nio.fs.WindowsException.rethrowAsIOException(WindowsException.java:108) ~[?:?]
	at java.base/sun.nio.fs.WindowsFileSystemProvider.implDelete(WindowsFileSystemProvider.java:273) ~[?:?]
	at java.base/sun.nio.fs.AbstractFileSystemProvider.delete(AbstractFileSystemProvider.java:105) ~[?:?]
	at java.base/java.nio.file.Files.delete(Files.java:1153) ~[?:?]
	at asw.a(SourceFile:61) [client.jar:?]
	at asx.<init>(SourceFile:98) [client.jar:?]
	at hhs.<init>(SourceFile:98) [client.jar:?]
	at flk.<init>(SourceFile:444) [client.jar:?]
	at net.minecraft.client.main.Main.main(SourceFile:250) [client.jar:?]
[23:15:09] [Render thread/WARN]: Failed to delete cache file D:\Project Launcher\launcher-data\downloads\libraries\com\mojang\datafixerupper\8.0.16\datafixerupper-8.0.16.jar
java.nio.file.FileSystemException: D:\Project Launcher\launcher-data\downloads\libraries\com\mojang\datafixerupper\8.0.16\datafixerupper-8.0.16.jar: The process cannot access the file because it is being used by another process
	at java.base/sun.nio.fs.WindowsException.translateToIOException(WindowsException.java:92) ~[?:?]
	at java.base/sun.nio.fs.WindowsException.rethrowAsIOException(WindowsException.java:103) ~[?:?]
	at java.base/sun.nio.fs.WindowsException.rethrowAsIOException(WindowsException.java:108) ~[?:?]
	at java.base/sun.nio.fs.WindowsFileSystemProvider.implDelete(WindowsFileSystemProvider.java:273) ~[?:?]
	at java.base/sun.nio.fs.AbstractFileSystemProvider.delete(AbstractFileSystemProvider.java:105) ~[?:?]
	at java.base/java.nio.file.Files.delete(Files.java:1153) ~[?:?]
	at asw.a(SourceFile:61) [client.jar:?]
	at asx.<init>(SourceFile:98) [client.jar:?]
	at hhs.<init>(SourceFile:98) [client.jar:?]
	at flk.<init>(SourceFile:444) [client.jar:?]
	at net.minecraft.client.main.Main.main(SourceFile:250) [client.jar:?]
[23:15:09] [Render thread/WARN]: Failed to delete cache file D:\Project Launcher\launcher-data\downloads\libraries\com\mojang\jtracy\1.0.29\jtracy-1.0.29-natives-windows.jar
java.nio.file.FileSystemException: D:\Project Launcher\launcher-data\downloads\libraries\com\mojang\jtracy\1.0.29\jtracy-1.0.29-natives-windows.jar: The process cannot access the file because it is being used by another process
	at java.base/sun.nio.fs.WindowsException.translateToIOException(WindowsException.java:92) ~[?:?]
	at java.base/sun.nio.fs.WindowsException.rethrowAsIOException(WindowsException.java:103) ~[?:?]
	at java.base/sun.nio.fs.WindowsException.rethrowAsIOException(WindowsException.java:108) ~[?:?]
	at java.base/sun.nio.fs.WindowsFileSystemProvider.implDelete(WindowsFileSystemProvider.java:273) ~[?:?]
	at java.base/sun.nio.fs.AbstractFileSystemProvider.delete(AbstractFileSystemProvider.java:105) ~[?:?]
	at java.base/java.nio.file.Files.delete(Files.java:1153) ~[?:?]
	at asw.a(SourceFile:61) [client.jar:?]
	at asx.<init>(SourceFile:98) [client.jar:?]
	at hhs.<init>(SourceFile:98) [client.jar:?]
	at flk.<init>(SourceFile:444) [client.jar:?]
	at net.minecraft.client.main.Main.main(SourceFile:250) [client.jar:?]
[23:15:09] [Render thread/WARN]: Failed to delete cache file D:\Project Launcher\launcher-data\downloads\libraries\com\mojang\logging\1.5.10\logging-1.5.10.jar
java.nio.file.FileSystemException: D:\Project Launcher\launcher-data\downloads\libraries\com\mojang\logging\1.5.10\logging-1.5.10.jar: The process cannot access the file because it is being used by another process
	at java.base/sun.nio.fs.WindowsException.translateToIOException(WindowsException.java:92) ~[?:?]
	at java.base/sun.nio.fs.WindowsException.rethrowAsIOException(WindowsException.java:103) ~[?:?]
	at java.base/sun.nio.fs.WindowsException.rethrowAsIOException(WindowsException.java:108) ~[?:?]
	at java.base/sun.nio.fs.WindowsFileSystemProvider.implDelete(WindowsFileSystemProvider.java:273) ~[?:?]
	at java.base/sun.nio.fs.AbstractFileSystemProvider.delete(AbstractFileSystemProvider.java:105) ~[?:?]
	at java.base/java.nio.file.Files.delete(Files.java:1153) ~[?:?]
	at asw.a(SourceFile:61) [client.jar:?]
	at asx.<init>(SourceFile:98) [client.jar:?]
	at hhs.<init>(SourceFile:98) [client.jar:?]
	at flk.<init>(SourceFile:444) [client.jar:?]
	at net.minecraft.client.main.Main.main(SourceFile:250) [client.jar:?]
[23:15:09] [Render thread/WARN]: Failed to delete cache file D:\Project Launcher\launcher-data\downloads\libraries\com\mojang\patchy\2.2.10\patchy-2.2.10.jar
java.nio.file.FileSystemException: D:\Project Launcher\launcher-data\downloads\libraries\com\mojang\patchy\2.2.10\patchy-2.2.10.jar: The process cannot access the file because it is being used by another process
	at java.base/sun.nio.fs.WindowsException.translateToIOException(WindowsException.java:92) ~[?:?]
	at java.base/sun.nio.fs.WindowsException.rethrowAsIOException(WindowsException.java:103) ~[?:?]
	at java.base/sun.nio.fs.WindowsException.rethrowAsIOException(WindowsException.java:108) ~[?:?]
	at java.base/sun.nio.fs.WindowsFileSystemProvider.implDelete(WindowsFileSystemProvider.java:273) ~[?:?]
	at java.base/sun.nio.fs.AbstractFileSystemProvider.delete(AbstractFileSystemProvider.java:105) ~[?:?]
	at java.base/java.nio.file.Files.delete(Files.java:1153) ~[?:?]
	at asw.a(SourceFile:61) [client.jar:?]
	at asx.<init>(SourceFile:98) [client.jar:?]
	at hhs.<init>(SourceFile:98) [client.jar:?]
	at flk.<init>(SourceFile:444) [client.jar:?]
	at net.minecraft.client.main.Main.main(SourceFile:250) [client.jar:?]
[23:15:09] [Render thread/WARN]: Failed to delete cache file D:\Project Launcher\launcher-data\downloads\libraries\com\mojang\text2speech\1.17.9\text2speech-1.17.9.jar
java.nio.file.FileSystemException: D:\Project Launcher\launcher-data\downloads\libraries\com\mojang\text2speech\1.17.9\text2speech-1.17.9.jar: The process cannot access the file because it is being used by another process
	at java.base/sun.nio.fs.WindowsException.translateToIOException(WindowsException.java:92) ~[?:?]
	at java.base/sun.nio.fs.WindowsException.rethrowAsIOException(WindowsException.java:103) ~[?:?]
	at java.base/sun.nio.fs.WindowsException.rethrowAsIOException(WindowsException.java:108) ~[?:?]
	at java.base/sun.nio.fs.WindowsFileSystemProvider.implDelete(WindowsFileSystemProvider.java:273) ~[?:?]
	at java.base/sun.nio.fs.AbstractFileSystemProvider.delete(AbstractFileSystemProvider.java:105) ~[?:?]
	at java.base/java.nio.file.Files.delete(Files.java:1153) ~[?:?]
	at asw.a(SourceFile:61) [client.jar:?]
	at asx.<init>(SourceFile:98) [client.jar:?]
	at hhs.<init>(SourceFile:98) [client.jar:?]
	at flk.<init>(SourceFile:444) [client.jar:?]
	at net.minecraft.client.main.Main.main(SourceFile:250) [client.jar:?]
[23:15:09] [Render thread/WARN]: Failed to delete cache file D:\Project Launcher\launcher-data\downloads\libraries\com\nimbusds\content-type\2.3\content-type-2.3.jar
java.nio.file.FileSystemException: D:\Project Launcher\launcher-data\downloads\libraries\com\nimbusds\content-type\2.3\content-type-2.3.jar: The process cannot access the file because it is being used by another process
	at java.base/sun.nio.fs.WindowsException.translateToIOException(WindowsException.java:92) ~[?:?]
	at java.base/sun.nio.fs.WindowsException.rethrowAsIOException(WindowsException.java:103) ~[?:?]
	at java.base/sun.nio.fs.WindowsException.rethrowAsIOException(WindowsException.java:108) ~[?:?]
	at java.base/sun.nio.fs.WindowsFileSystemProvider.implDelete(WindowsFileSystemProvider.java:273) ~[?:?]
	at java.base/sun.nio.fs.AbstractFileSystemProvider.delete(AbstractFileSystemProvider.java:105) ~[?:?]
	at java.base/java.nio.file.Files.delete(Files.java:1153) ~[?:?]
	at asw.a(SourceFile:61) [client.jar:?]
	at asx.<init>(SourceFile:98) [client.jar:?]
	at hhs.<init>(SourceFile:98) [client.jar:?]
	at flk.<init>(SourceFile:444) [client.jar:?]
	at net.minecraft.client.main.Main.main(SourceFile:250) [client.jar:?]
[23:15:09] [Render thread/WARN]: Failed to delete cache file D:\Project Launcher\launcher-data\downloads\libraries\com\nimbusds\lang-tag\1.7\lang-tag-1.7.jar
java.nio.file.FileSystemException: D:\Project Launcher\launcher-data\downloads\libraries\com\nimbusds\lang-tag\1.7\lang-tag-1.7.jar: The process cannot access the file because it is being used by another process
	at java.base/sun.nio.fs.WindowsException.translateToIOException(WindowsException.java:92) ~[?:?]
	at java.base/sun.nio.fs.WindowsException.rethrowAsIOException(WindowsException.java:103) ~[?:?]
	at java.base/sun.nio.fs.WindowsException.rethrowAsIOException(WindowsException.java:108) ~[?:?]
	at java.base/sun.nio.fs.WindowsFileSystemProvider.implDelete(WindowsFileSystemProvider.java:273) ~[?:?]
	at java.base/sun.nio.fs.AbstractFileSystemProvider.delete(AbstractFileSystemProvider.java:105) ~[?:?]
	at java.base/java.nio.file.Files.delete(Files.java:1153) ~[?:?]
	at asw.a(SourceFile:61) [client.jar:?]
	at asx.<init>(SourceFile:98) [client.jar:?]
	at hhs.<init>(SourceFile:98) [client.jar:?]
	at flk.<init>(SourceFile:444) [client.jar:?]
	at net.minecraft.client.main.Main.main(SourceFile:250) [client.jar:?]
[23:15:09] [Render thread/WARN]: Failed to delete cache file D:\Project Launcher\launcher-data\downloads\libraries\com\nimbusds\nimbus-jose-jwt\9.40\nimbus-jose-jwt-9.40.jar
java.nio.file.FileSystemException: D:\Project Launcher\launcher-data\downloads\libraries\com\nimbusds\nimbus-jose-jwt\9.40\nimbus-jose-jwt-9.40.jar: The process cannot access the file because it is being used by another process
	at java.base/sun.nio.fs.WindowsException.translateToIOException(WindowsException.java:92) ~[?:?]
	at java.base/sun.nio.fs.WindowsException.rethrowAsIOException(WindowsException.java:103) ~[?:?]
	at java.base/sun.nio.fs.WindowsException.rethrowAsIOException(WindowsException.java:108) ~[?:?]
	at java.base/sun.nio.fs.WindowsFileSystemProvider.implDelete(WindowsFileSystemProvider.java:273) ~[?:?]
	at java.base/sun.nio.fs.AbstractFileSystemProvider.delete(AbstractFileSystemProvider.java:105) ~[?:?]
	at java.base/java.nio.file.Files.delete(Files.java:1153) ~[?:?]
	at asw.a(SourceFile:61) [client.jar:?]
	at asx.<init>(SourceFile:98) [client.jar:?]
	at hhs.<init>(SourceFile:98) [client.jar:?]
	at flk.<init>(SourceFile:444) [client.jar:?]
	at net.minecraft.client.main.Main.main(SourceFile:250) [client.jar:?]
[23:15:09] [Render thread/WARN]: Failed to delete cache file D:\Project Launcher\launcher-data\downloads\libraries\com\nimbusds\oauth2-oidc-sdk\11.18\oauth2-oidc-sdk-11.18.jar
java.nio.file.FileSystemException: D:\Project Launcher\launcher-data\downloads\libraries\com\nimbusds\oauth2-oidc-sdk\11.18\oauth2-oidc-sdk-11.18.jar: The process cannot access the file because it is being used by another process
	at java.base/sun.nio.fs.WindowsException.translateToIOException(WindowsException.java:92) ~[?:?]
	at java.base/sun.nio.fs.WindowsException.rethrowAsIOException(WindowsException.java:103) ~[?:?]
	at java.base/sun.nio.fs.WindowsException.rethrowAsIOException(WindowsException.java:108) ~[?:?]
	at java.base/sun.nio.fs.WindowsFileSystemProvider.implDelete(WindowsFileSystemProvider.java:273) ~[?:?]
	at java.base/sun.nio.fs.AbstractFileSystemProvider.delete(AbstractFileSystemProvider.java:105) ~[?:?]
	at java.base/java.nio.file.Files.delete(Files.java:1153) ~[?:?]
	at asw.a(SourceFile:61) [client.jar:?]
	at asx.<init>(SourceFile:98) [client.jar:?]
	at hhs.<init>(SourceFile:98) [client.jar:?]
	at flk.<init>(SourceFile:444) [client.jar:?]
	at net.minecraft.client.main.Main.main(SourceFile:250) [client.jar:?]
[23:15:09] [Render thread/WARN]: Failed to delete cache file D:\Project Launcher\launcher-data\downloads\libraries\commons-codec\commons-codec\1.17.1\commons-codec-1.17.1.jar
java.nio.file.FileSystemException: D:\Project Launcher\launcher-data\downloads\libraries\commons-codec\commons-codec\1.17.1\commons-codec-1.17.1.jar: The process cannot access the file because it is being used by another process
	at java.base/sun.nio.fs.WindowsException.translateToIOException(WindowsException.java:92) ~[?:?]
	at java.base/sun.nio.fs.WindowsException.rethrowAsIOException(WindowsException.java:103) ~[?:?]
	at java.base/sun.nio.fs.WindowsException.rethrowAsIOException(WindowsException.java:108) ~[?:?]
	at java.base/sun.nio.fs.WindowsFileSystemProvider.implDelete(WindowsFileSystemProvider.java:273) ~[?:?]
	at java.base/sun.nio.fs.AbstractFileSystemProvider.delete(AbstractFileSystemProvider.java:105) ~[?:?]
	at java.base/java.nio.file.Files.delete(Files.java:1153) ~[?:?]
	at asw.a(SourceFile:61) [client.jar:?]
	at asx.<init>(SourceFile:98) [client.jar:?]
	at hhs.<init>(SourceFile:98) [client.jar:?]
	at flk.<init>(SourceFile:444) [client.jar:?]
	at net.minecraft.client.main.Main.main(SourceFile:250) [client.jar:?]
[23:15:09] [Render thread/WARN]: Failed to delete cache file D:\Project Launcher\launcher-data\downloads\libraries\commons-io\commons-io\2.17.0\commons-io-2.17.0.jar
java.nio.file.FileSystemException: D:\Project Launcher\launcher-data\downloads\libraries\commons-io\commons-io\2.17.0\commons-io-2.17.0.jar: The process cannot access the file because it is being used by another process
	at java.base/sun.nio.fs.WindowsException.translateToIOException(WindowsException.java:92) ~[?:?]
	at java.base/sun.nio.fs.WindowsException.rethrowAsIOException(WindowsException.java:103) ~[?:?]
	at java.base/sun.nio.fs.WindowsException.rethrowAsIOException(WindowsException.java:108) ~[?:?]
	at java.base/sun.nio.fs.WindowsFileSystemProvider.implDelete(WindowsFileSystemProvider.java:273) ~[?:?]
	at java.base/sun.nio.fs.AbstractFileSystemProvider.delete(AbstractFileSystemProvider.java:105) ~[?:?]
	at java.base/java.nio.file.Files.delete(Files.java:1153) ~[?:?]
	at asw.a(SourceFile:61) [client.jar:?]
	at asx.<init>(SourceFile:98) [client.jar:?]
	at hhs.<init>(SourceFile:98) [client.jar:?]
	at flk.<init>(SourceFile:444) [client.jar:?]
	at net.minecraft.client.main.Main.main(SourceFile:250) [client.jar:?]
[23:15:09] [Render thread/WARN]: Failed to delete cache file D:\Project Launcher\launcher-data\downloads\libraries\commons-logging\commons-logging\1.3.4\commons-logging-1.3.4.jar
java.nio.file.FileSystemException: D:\Project Launcher\launcher-data\downloads\libraries\commons-logging\commons-logging\1.3.4\commons-logging-1.3.4.jar: The process cannot access the file because it is being used by another process
	at java.base/sun.nio.fs.WindowsException.translateToIOException(WindowsException.java:92) ~[?:?]
	at java.base/sun.nio.fs.WindowsException.rethrowAsIOException(WindowsException.java:103) ~[?:?]
	at java.base/sun.nio.fs.WindowsException.rethrowAsIOException(WindowsException.java:108) ~[?:?]
	at java.base/sun.nio.fs.WindowsFileSystemProvider.implDelete(WindowsFileSystemProvider.java:273) ~[?:?]
	at java.base/sun.nio.fs.AbstractFileSystemProvider.delete(AbstractFileSystemProvider.java:105) ~[?:?]
	at java.base/java.nio.file.Files.delete(Files.java:1153) ~[?:?]
	at asw.a(SourceFile:61) [client.jar:?]
	at asx.<init>(SourceFile:98) [client.jar:?]
	at hhs.<init>(SourceFile:98) [client.jar:?]
	at flk.<init>(SourceFile:444) [client.jar:?]
	at net.minecraft.client.main.Main.main(SourceFile:250) [client.jar:?]
[23:15:09] [Render thread/WARN]: Failed to delete cache file D:\Project Launcher\launcher-data\downloads\libraries\io\netty\netty-buffer\4.1.115.Final\netty-buffer-4.1.115.Final.jar
java.nio.file.FileSystemException: D:\Project Launcher\launcher-data\downloads\libraries\io\netty\netty-buffer\4.1.115.Final\netty-buffer-4.1.115.Final.jar: The process cannot access the file because it is being used by another process
	at java.base/sun.nio.fs.WindowsException.translateToIOException(WindowsException.java:92) ~[?:?]
	at java.base/sun.nio.fs.WindowsException.rethrowAsIOException(WindowsException.java:103) ~[?:?]
	at java.base/sun.nio.fs.WindowsException.rethrowAsIOException(WindowsException.java:108) ~[?:?]
	at java.base/sun.nio.fs.WindowsFileSystemProvider.implDelete(WindowsFileSystemProvider.java:273) ~[?:?]
	at java.base/sun.nio.fs.AbstractFileSystemProvider.delete(AbstractFileSystemProvider.java:105) ~[?:?]
	at java.base/java.nio.file.Files.delete(Files.java:1153) ~[?:?]
	at asw.a(SourceFile:61) [client.jar:?]
	at asx.<init>(SourceFile:98) [client.jar:?]
	at hhs.<init>(SourceFile:98) [client.jar:?]
	at flk.<init>(SourceFile:444) [client.jar:?]
	at net.minecraft.client.main.Main.main(SourceFile:250) [client.jar:?]
[23:15:09] [Render thread/WARN]: Failed to delete cache file D:\Project Launcher\launcher-data\downloads\libraries\io\netty\netty-codec\4.1.115.Final\netty-codec-4.1.115.Final.jar
java.nio.file.FileSystemException: D:\Project Launcher\launcher-data\downloads\libraries\io\netty\netty-codec\4.1.115.Final\netty-codec-4.1.115.Final.jar: The process cannot access the file because it is being used by another process
	at java.base/sun.nio.fs.WindowsException.translateToIOException(WindowsException.java:92) ~[?:?]
	at java.base/sun.nio.fs.WindowsException.rethrowAsIOException(WindowsException.java:103) ~[?:?]
	at java.base/sun.nio.fs.WindowsException.rethrowAsIOException(WindowsException.java:108) ~[?:?]
	at java.base/sun.nio.fs.WindowsFileSystemProvider.implDelete(WindowsFileSystemProvider.java:273) ~[?:?]
	at java.base/sun.nio.fs.AbstractFileSystemProvider.delete(AbstractFileSystemProvider.java:105) ~[?:?]
	at java.base/java.nio.file.Files.delete(Files.java:1153) ~[?:?]
	at asw.a(SourceFile:61) [client.jar:?]
	at asx.<init>(SourceFile:98) [client.jar:?]
	at hhs.<init>(SourceFile:98) [client.jar:?]
	at flk.<init>(SourceFile:444) [client.jar:?]
	at net.minecraft.client.main.Main.main(SourceFile:250) [client.jar:?]
[23:15:09] [Render thread/WARN]: Failed to delete cache file D:\Project Launcher\launcher-data\downloads\libraries\io\netty\netty-common\4.1.115.Final\netty-common-4.1.115.Final.jar
java.nio.file.FileSystemException: D:\Project Launcher\launcher-data\downloads\libraries\io\netty\netty-common\4.1.115.Final\netty-common-4.1.115.Final.jar: The process cannot access the file because it is being used by another process
	at java.base/sun.nio.fs.WindowsException.translateToIOException(WindowsException.java:92) ~[?:?]
	at java.base/sun.nio.fs.WindowsException.rethrowAsIOException(WindowsException.java:103) ~[?:?]
	at java.base/sun.nio.fs.WindowsException.rethrowAsIOException(WindowsException.java:108) ~[?:?]
	at java.base/sun.nio.fs.WindowsFileSystemProvider.implDelete(WindowsFileSystemProvider.java:273) ~[?:?]
	at java.base/sun.nio.fs.AbstractFileSystemProvider.delete(AbstractFileSystemProvider.java:105) ~[?:?]
	at java.base/java.nio.file.Files.delete(Files.java:1153) ~[?:?]
	at asw.a(SourceFile:61) [client.jar:?]
	at asx.<init>(SourceFile:98) [client.jar:?]
	at hhs.<init>(SourceFile:98) [client.jar:?]
	at flk.<init>(SourceFile:444) [client.jar:?]
	at net.minecraft.client.main.Main.main(SourceFile:250) [client.jar:?]
[23:15:09] [Render thread/WARN]: Failed to delete cache file D:\Project Launcher\launcher-data\downloads\libraries\io\netty\netty-handler\4.1.115.Final\netty-handler-4.1.115.Final.jar
java.nio.file.FileSystemException: D:\Project Launcher\launcher-data\downloads\libraries\io\netty\netty-handler\4.1.115.Final\netty-handler-4.1.115.Final.jar: The process cannot access the file because it is being used by another process
	at java.base/sun.nio.fs.WindowsException.translateToIOException(WindowsException.java:92) ~[?:?]
	at java.base/sun.nio.fs.WindowsException.rethrowAsIOException(WindowsException.java:103) ~[?:?]
	at java.base/sun.nio.fs.WindowsException.rethrowAsIOException(WindowsException.java:108) ~[?:?]
	at java.base/sun.nio.fs.WindowsFileSystemProvider.implDelete(WindowsFileSystemProvider.java:273) ~[?:?]
	at java.base/sun.nio.fs.AbstractFileSystemProvider.delete(AbstractFileSystemProvider.java:105) ~[?:?]
	at java.base/java.nio.file.Files.delete(Files.java:1153) ~[?:?]
	at asw.a(SourceFile:61) [client.jar:?]
	at asx.<init>(SourceFile:98) [client.jar:?]
	at hhs.<init>(SourceFile:98) [client.jar:?]
	at flk.<init>(SourceFile:444) [client.jar:?]
	at net.minecraft.client.main.Main.main(SourceFile:250) [client.jar:?]
[23:15:09] [Render thread/WARN]: Failed to delete cache file D:\Project Launcher\launcher-data\downloads\libraries\io\netty\netty-resolver\4.1.115.Final\netty-resolver-4.1.115.Final.jar
java.nio.file.FileSystemException: D:\Project Launcher\launcher-data\downloads\libraries\io\netty\netty-resolver\4.1.115.Final\netty-resolver-4.1.115.Final.jar: The process cannot access the file because it is being used by another process
	at java.base/sun.nio.fs.WindowsException.translateToIOException(WindowsException.java:92) ~[?:?]
	at java.base/sun.nio.fs.WindowsException.rethrowAsIOException(WindowsException.java:103) ~[?:?]
	at java.base/sun.nio.fs.WindowsException.rethrowAsIOException(WindowsException.java:108) ~[?:?]
	at java.base/sun.nio.fs.WindowsFileSystemProvider.implDelete(WindowsFileSystemProvider.java:273) ~[?:?]
	at java.base/sun.nio.fs.AbstractFileSystemProvider.delete(AbstractFileSystemProvider.java:105) ~[?:?]
	at java.base/java.nio.file.Files.delete(Files.java:1153) ~[?:?]
	at asw.a(SourceFile:61) [client.jar:?]
	at asx.<init>(SourceFile:98) [client.jar:?]
	at hhs.<init>(SourceFile:98) [client.jar:?]
	at flk.<init>(SourceFile:444) [client.jar:?]
	at net.minecraft.client.main.Main.main(SourceFile:250) [client.jar:?]
[23:15:09] [Render thread/WARN]: Failed to delete cache file D:\Project Launcher\launcher-data\downloads\libraries\io\netty\netty-transport-classes-epoll\4.1.115.Final\netty-transport-classes-epoll-4.1.115.Final.jar
java.nio.file.FileSystemException: D:\Project Launcher\launcher-data\downloads\libraries\io\netty\netty-transport-classes-epoll\4.1.115.Final\netty-transport-classes-epoll-4.1.115.Final.jar: The process cannot access the file because it is being used by another process
	at java.base/sun.nio.fs.WindowsException.translateToIOException(WindowsException.java:92) ~[?:?]
	at java.base/sun.nio.fs.WindowsException.rethrowAsIOException(WindowsException.java:103) ~[?:?]
	at java.base/sun.nio.fs.WindowsException.rethrowAsIOException(WindowsException.java:108) ~[?:?]
	at java.base/sun.nio.fs.WindowsFileSystemProvider.implDelete(WindowsFileSystemProvider.java:273) ~[?:?]
	at java.base/sun.nio.fs.AbstractFileSystemProvider.delete(AbstractFileSystemProvider.java:105) ~[?:?]
	at java.base/java.nio.file.Files.delete(Files.java:1153) ~[?:?]
	at asw.a(SourceFile:61) [client.jar:?]
	at asx.<init>(SourceFile:98) [client.jar:?]
	at hhs.<init>(SourceFile:98) [client.jar:?]
	at flk.<init>(SourceFile:444) [client.jar:?]
	at net.minecraft.client.main.Main.main(SourceFile:250) [client.jar:?]
[23:15:09] [Render thread/WARN]: Failed to delete cache file D:\Project Launcher\launcher-data\downloads\libraries\io\netty\netty-transport-native-unix-common\4.1.115.Final\netty-transport-native-unix-common-4.1.115.Final.jar
java.nio.file.FileSystemException: D:\Project Launcher\launcher-data\downloads\libraries\io\netty\netty-transport-native-unix-common\4.1.115.Final\netty-transport-native-unix-common-4.1.115.Final.jar: The process cannot access the file because it is being used by another process
	at java.base/sun.nio.fs.WindowsException.translateToIOException(WindowsException.java:92) ~[?:?]
	at java.base/sun.nio.fs.WindowsException.rethrowAsIOException(WindowsException.java:103) ~[?:?]
	at java.base/sun.nio.fs.WindowsException.rethrowAsIOException(WindowsException.java:108) ~[?:?]
	at java.base/sun.nio.fs.WindowsFileSystemProvider.implDelete(WindowsFileSystemProvider.java:273) ~[?:?]
	at java.base/sun.nio.fs.AbstractFileSystemProvider.delete(AbstractFileSystemProvider.java:105) ~[?:?]
	at java.base/java.nio.file.Files.delete(Files.java:1153) ~[?:?]
	at asw.a(SourceFile:61) [client.jar:?]
	at asx.<init>(SourceFile:98) [client.jar:?]
	at hhs.<init>(SourceFile:98) [client.jar:?]
	at flk.<init>(SourceFile:444) [client.jar:?]
	at net.minecraft.client.main.Main.main(SourceFile:250) [client.jar:?]
[23:15:09] [Render thread/WARN]: Failed to delete cache file D:\Project Launcher\launcher-data\downloads\libraries\io\netty\netty-transport\4.1.115.Final\netty-transport-4.1.115.Final.jar
java.nio.file.FileSystemException: D:\Project Launcher\launcher-data\downloads\libraries\io\netty\netty-transport\4.1.115.Final\netty-transport-4.1.115.Final.jar: The process cannot access the file because it is being used by another process
	at java.base/sun.nio.fs.WindowsException.translateToIOException(WindowsException.java:92) ~[?:?]
	at java.base/sun.nio.fs.WindowsException.rethrowAsIOException(WindowsException.java:103) ~[?:?]
	at java.base/sun.nio.fs.WindowsException.rethrowAsIOException(WindowsException.java:108) ~[?:?]
	at java.base/sun.nio.fs.WindowsFileSystemProvider.implDelete(WindowsFileSystemProvider.java:273) ~[?:?]
	at java.base/sun.nio.fs.AbstractFileSystemProvider.delete(AbstractFileSystemProvider.java:105) ~[?:?]
	at java.base/java.nio.file.Files.delete(Files.java:1153) ~[?:?]
	at asw.a(SourceFile:61) [client.jar:?]
	at asx.<init>(SourceFile:98) [client.jar:?]
	at hhs.<init>(SourceFile:98) [client.jar:?]
	at flk.<init>(SourceFile:444) [client.jar:?]
	at net.minecraft.client.main.Main.main(SourceFile:250) [client.jar:?]
[23:15:09] [Render thread/WARN]: Failed to delete cache file D:\Project Launcher\launcher-data\downloads\libraries\it\unimi\dsi\fastutil\8.5.15\fastutil-8.5.15.jar
java.nio.file.FileSystemException: D:\Project Launcher\launcher-data\downloads\libraries\it\unimi\dsi\fastutil\8.5.15\fastutil-8.5.15.jar: The process cannot access the file because it is being used by another process
	at java.base/sun.nio.fs.WindowsException.translateToIOException(WindowsException.java:92) ~[?:?]
	at java.base/sun.nio.fs.WindowsException.rethrowAsIOException(WindowsException.java:103) ~[?:?]
	at java.base/sun.nio.fs.WindowsException.rethrowAsIOException(WindowsException.java:108) ~[?:?]
	at java.base/sun.nio.fs.WindowsFileSystemProvider.implDelete(WindowsFileSystemProvider.java:273) ~[?:?]
	at java.base/sun.nio.fs.AbstractFileSystemProvider.delete(AbstractFileSystemProvider.java:105) ~[?:?]
	at java.base/java.nio.file.Files.delete(Files.java:1153) ~[?:?]
	at asw.a(SourceFile:61) [client.jar:?]
	at asx.<init>(SourceFile:98) [client.jar:?]
	at hhs.<init>(SourceFile:98) [client.jar:?]
	at flk.<init>(SourceFile:444) [client.jar:?]
	at net.minecraft.client.main.Main.main(SourceFile:250) [client.jar:?]
[23:15:09] [Render thread/WARN]: Failed to delete cache file D:\Project Launcher\launcher-data\downloads\libraries\net\java\dev\jna\jna-platform\5.15.0\jna-platform-5.15.0.jar
java.nio.file.FileSystemException: D:\Project Launcher\launcher-data\downloads\libraries\net\java\dev\jna\jna-platform\5.15.0\jna-platform-5.15.0.jar: The process cannot access the file because it is being used by another process
	at java.base/sun.nio.fs.WindowsException.translateToIOException(WindowsException.java:92) ~[?:?]
	at java.base/sun.nio.fs.WindowsException.rethrowAsIOException(WindowsException.java:103) ~[?:?]
	at java.base/sun.nio.fs.WindowsException.rethrowAsIOException(WindowsException.java:108) ~[?:?]
	at java.base/sun.nio.fs.WindowsFileSystemProvider.implDelete(WindowsFileSystemProvider.java:273) ~[?:?]
	at java.base/sun.nio.fs.AbstractFileSystemProvider.delete(AbstractFileSystemProvider.java:105) ~[?:?]
	at java.base/java.nio.file.Files.delete(Files.java:1153) ~[?:?]
	at asw.a(SourceFile:61) [client.jar:?]
	at asx.<init>(SourceFile:98) [client.jar:?]
	at hhs.<init>(SourceFile:98) [client.jar:?]
	at flk.<init>(SourceFile:444) [client.jar:?]
	at net.minecraft.client.main.Main.main(SourceFile:250) [client.jar:?]
[23:15:09] [Render thread/WARN]: Failed to delete cache file D:\Project Launcher\launcher-data\downloads\libraries\net\java\dev\jna\jna\5.15.0\jna-5.15.0.jar
java.nio.file.FileSystemException: D:\Project Launcher\launcher-data\downloads\libraries\net\java\dev\jna\jna\5.15.0\jna-5.15.0.jar: The process cannot access the file because it is being used by another process
	at java.base/sun.nio.fs.WindowsException.translateToIOException(WindowsException.java:92) ~[?:?]
	at java.base/sun.nio.fs.WindowsException.rethrowAsIOException(WindowsException.java:103) ~[?:?]
	at java.base/sun.nio.fs.WindowsException.rethrowAsIOException(WindowsException.java:108) ~[?:?]
	at java.base/sun.nio.fs.WindowsFileSystemProvider.implDelete(WindowsFileSystemProvider.java:273) ~[?:?]
	at java.base/sun.nio.fs.AbstractFileSystemProvider.delete(AbstractFileSystemProvider.java:105) ~[?:?]
	at java.base/java.nio.file.Files.delete(Files.java:1153) ~[?:?]
	at asw.a(SourceFile:61) [client.jar:?]
	at asx.<init>(SourceFile:98) [client.jar:?]
	at hhs.<init>(SourceFile:98) [client.jar:?]
	at flk.<init>(SourceFile:444) [client.jar:?]
	at net.minecraft.client.main.Main.main(SourceFile:250) [client.jar:?]
[23:15:09] [Render thread/WARN]: Failed to delete cache file D:\Project Launcher\launcher-data\downloads\libraries\net\minidev\accessors-smart\2.5.1\accessors-smart-2.5.1.jar
java.nio.file.FileSystemException: D:\Project Launcher\launcher-data\downloads\libraries\net\minidev\accessors-smart\2.5.1\accessors-smart-2.5.1.jar: The process cannot access the file because it is being used by another process
	at java.base/sun.nio.fs.WindowsException.translateToIOException(WindowsException.java:92) ~[?:?]
	at java.base/sun.nio.fs.WindowsException.rethrowAsIOException(WindowsException.java:103) ~[?:?]
	at java.base/sun.nio.fs.WindowsException.rethrowAsIOException(WindowsException.java:108) ~[?:?]
	at java.base/sun.nio.fs.WindowsFileSystemProvider.implDelete(WindowsFileSystemProvider.java:273) ~[?:?]
	at java.base/sun.nio.fs.AbstractFileSystemProvider.delete(AbstractFileSystemProvider.java:105) ~[?:?]
	at java.base/java.nio.file.Files.delete(Files.java:1153) ~[?:?]
	at asw.a(SourceFile:61) [client.jar:?]
	at asx.<init>(SourceFile:98) [client.jar:?]
	at hhs.<init>(SourceFile:98) [client.jar:?]
	at flk.<init>(SourceFile:444) [client.jar:?]
	at net.minecraft.client.main.Main.main(SourceFile:250) [client.jar:?]
[23:15:09] [Render thread/WARN]: Failed to delete cache file D:\Project Launcher\launcher-data\downloads\libraries\net\minidev\json-smart\2.5.1\json-smart-2.5.1.jar
java.nio.file.FileSystemException: D:\Project Launcher\launcher-data\downloads\libraries\net\minidev\json-smart\2.5.1\json-smart-2.5.1.jar: The process cannot access the file because it is being used by another process
	at java.base/sun.nio.fs.WindowsException.translateToIOException(WindowsException.java:92) ~[?:?]
	at java.base/sun.nio.fs.WindowsException.rethrowAsIOException(WindowsException.java:103) ~[?:?]
	at java.base/sun.nio.fs.WindowsException.rethrowAsIOException(WindowsException.java:108) ~[?:?]
	at java.base/sun.nio.fs.WindowsFileSystemProvider.implDelete(WindowsFileSystemProvider.java:273) ~[?:?]
	at java.base/sun.nio.fs.AbstractFileSystemProvider.delete(AbstractFileSystemProvider.java:105) ~[?:?]
	at java.base/java.nio.file.Files.delete(Files.java:1153) ~[?:?]
	at asw.a(SourceFile:61) [client.jar:?]
	at asx.<init>(SourceFile:98) [client.jar:?]
	at hhs.<init>(SourceFile:98) [client.jar:?]
	at flk.<init>(SourceFile:444) [client.jar:?]
	at net.minecraft.client.main.Main.main(SourceFile:250) [client.jar:?]
[23:15:09] [Render thread/WARN]: Failed to delete cache file D:\Project Launcher\launcher-data\downloads\libraries\net\sf\jopt-simple\jopt-simple\5.0.4\jopt-simple-5.0.4.jar
java.nio.file.FileSystemException: D:\Project Launcher\launcher-data\downloads\libraries\net\sf\jopt-simple\jopt-simple\5.0.4\jopt-simple-5.0.4.jar: The process cannot access the file because it is being used by another process
	at java.base/sun.nio.fs.WindowsException.translateToIOException(WindowsException.java:92) ~[?:?]
	at java.base/sun.nio.fs.WindowsException.rethrowAsIOException(WindowsException.java:103) ~[?:?]
	at java.base/sun.nio.fs.WindowsException.rethrowAsIOException(WindowsException.java:108) ~[?:?]
	at java.base/sun.nio.fs.WindowsFileSystemProvider.implDelete(WindowsFileSystemProvider.java:273) ~[?:?]
	at java.base/sun.nio.fs.AbstractFileSystemProvider.delete(AbstractFileSystemProvider.java:105) ~[?:?]
	at java.base/java.nio.file.Files.delete(Files.java:1153) ~[?:?]
	at asw.a(SourceFile:61) [client.jar:?]
	at asx.<init>(SourceFile:98) [client.jar:?]
	at hhs.<init>(SourceFile:98) [client.jar:?]
	at flk.<init>(SourceFile:444) [client.jar:?]
	at net.minecraft.client.main.Main.main(SourceFile:250) [client.jar:?]
[23:15:09] [Render thread/INFO]: Environment: Environment[sessionHost=https://sessionserver.mojang.com, servicesHost=https://api.minecraftservices.com, name=PROD]
[23:15:10] [Render thread/INFO]: Setting user: Siddy5303
[23:15:11] [Render thread/INFO]: Backend library: LWJGL version 3.3.3+5
[23:15:22] [Render thread/INFO]: Reloading ResourceManager: vanilla
[23:15:24] [Worker-Main-7/INFO]: Found unifont_all_no_pua-16.0.01.hex, loading
[23:15:26] [Worker-Main-7/INFO]: Found unifont_jp_patch-16.0.01.hex, loading
[23:15:32] [Render thread/INFO]: OpenAL initialized on device OpenAL Soft on Headphones (HP H150)
[23:15:32] [Render thread/INFO]: Sound engine started
[23:15:32] [Render thread/INFO]: Created: 1024x512x4 minecraft:textures/atlas/blocks.png-atlas
[23:15:33] [Render thread/INFO]: Created: 256x256x4 minecraft:textures/atlas/signs.png-atlas
[23:15:33] [Render thread/INFO]: Created: 512x512x4 minecraft:textures/atlas/banner_patterns.png-atlas
[23:15:33] [Render thread/INFO]: Created: 512x512x4 minecraft:textures/atlas/shield_patterns.png-atlas
[23:15:33] [Render thread/INFO]: Created: 2048x1024x4 minecraft:textures/atlas/armor_trims.png-atlas
[23:15:34] [Render thread/INFO]: Created: 256x256x4 minecraft:textures/atlas/chest.png-atlas
[23:15:34] [Render thread/INFO]: Created: 128x64x4 minecraft:textures/atlas/decorated_pot.png-atlas
[23:15:34] [Render thread/INFO]: Created: 512x256x4 minecraft:textures/atlas/beds.png-atlas
[23:15:34] [Render thread/INFO]: Created: 512x256x4 minecraft:textures/atlas/shulker_boxes.png-atlas
[23:15:34] [Render thread/INFO]: Created: 64x64x0 minecraft:textures/atlas/map_decorations.png-atlas
[23:15:34] [Render thread/INFO]: Created: 512x256x0 minecraft:textures/atlas/particles.png-atlas
[23:15:34] [Render thread/INFO]: Created: 512x256x0 minecraft:textures/atlas/paintings.png-atlas
[23:15:34] [Render thread/INFO]: Created: 256x128x0 minecraft:textures/atlas/mob_effects.png-atlas
[23:15:34] [Render thread/INFO]: Created: 1024x512x0 minecraft:textures/atlas/gui.png-atlas
[23:15:55] [Render thread/INFO]: Stopping!
